// Jest Snapshot v1, https://goo.gl/fbAQLP

exports[`PostFiles render Post Files 1`] = `
<ul
  className="list-group"
>
  <li
    className="list-group-item list-group-item-secondary"
  >
    Download Options
  </li>
  <li
    className="list-group-item d-flex justify-content-between align-items-center"
  >
    <a
      href="dftest/test"
      target="blank"
    >
      mp3
      
    </a>
    <span
      className="badge post-files-size"
    >
      0
       MB
    </span>
  </li>
</ul>
`;

exports[`PostFiles snapshot Post Files 1`] = `
<ul
  className="list-group"
>
  <li
    className="list-group-item list-group-item-secondary"
  >
    Download Options
  </li>
  <li
    className="list-group-item d-flex justify-content-between align-items-center"
  >
    <a
      href="dftest/test"
      target="blank"
    >
      mp3
      
    </a>
    <span
      className="badge post-files-size"
    >
      0
       MB
    </span>
  </li>
</ul>
`;
